[0.235s] DEBUG:colcon:Command line arguments: ['/usr/bin/colcon', 'build']
[0.235s] DEBUG:colcon:Parsed command line arguments: Namespace(log_base=None, log_level=None, verb_name='build', build_base='build', install_base='install', merge_install=False, symlink_install=False, test_result_base=None, continue_on_error=False, executor='parallel', parallel_workers=16, event_handlers=None, ignore_user_meta=False, metas=['./colcon.meta'], base_paths=['.'], packages_ignore=None, packages_ignore_regex=None, paths=None, packages_up_to=None, packages_up_to_regex=None, packages_above=None, packages_above_and_dependencies=None, packages_above_depth=None, packages_select_by_dep=None, packages_skip_by_dep=None, packages_skip_up_to=None, packages_select_build_failed=False, packages_skip_build_finished=False, packages_select_test_failures=False, packages_skip_test_passed=False, packages_select=None, packages_skip=None, packages_select_regex=None, packages_skip_regex=None, packages_start=None, packages_end=None, allow_overriding=[], cmake_args=None, cmake_target=None, cmake_target_skip_unavailable=False, cmake_clean_cache=False, cmake_clean_first=False, cmake_force_configure=False, ament_cmake_args=None, catkin_cmake_args=None, catkin_skip_building_tests=False, verb_parser=<colcon_defaults.argument_parser.defaults.DefaultArgumentsDecorator object at 0x7f1c5a21f970>, verb_extension=<colcon_core.verb.build.BuildVerb object at 0x7f1c5ac80e80>, main=<bound method BuildVerb.main of <colcon_core.verb.build.BuildVerb object at 0x7f1c5ac80e80>>)
[0.249s] Level 1:colcon.colcon_core.package_discovery:discover_packages(colcon_meta) check parameters
[0.249s] Level 1:colcon.colcon_core.package_discovery:discover_packages(recursive) check parameters
[0.249s] Level 1:colcon.colcon_core.package_discovery:discover_packages(ignore) check parameters
[0.249s] Level 1:colcon.colcon_core.package_discovery:discover_packages(path) check parameters
[0.250s] Level 1:colcon.colcon_core.package_discovery:discover_packages(colcon_meta) discover
[0.250s] Level 1:colcon.colcon_core.package_discovery:discover_packages(recursive) discover
[0.250s] INFO:colcon.colcon_core.package_discovery:Crawling recursively for packages in '/home/monkescripts/Documents/bumblebee/localisation/frames_porting'
[0.250s] Level 1:colcon.colcon_core.package_identification:_identify(.) by extensions ['ignore', 'ignore_ament_install']
[0.250s] Level 1:colcon.colcon_core.package_identification:_identify(.) by extension 'ignore'
[0.250s] Level 1:colcon.colcon_core.package_identification:_identify(.) by extension 'ignore_ament_install'
[0.250s] Level 1:colcon.colcon_core.package_identification:_identify(.) by extensions ['colcon_pkg']
[0.250s] Level 1:colcon.colcon_core.package_identification:_identify(.) by extension 'colcon_pkg'
[0.250s] Level 1:colcon.colcon_core.package_identification:_identify(.) by extensions ['colcon_meta']
[0.250s] Level 1:colcon.colcon_core.package_identification:_identify(.) by extension 'colcon_meta'
[0.250s] Level 1:colcon.colcon_core.package_identification:_identify(.) by extensions ['ros']
[0.250s] Level 1:colcon.colcon_core.package_identification:_identify(.) by extension 'ros'
[0.258s] DEBUG:colcon.colcon_core.package_identification:Package '.' with type 'ros.ament_cmake' and name 'frames_porting'
[0.258s] Level 1:colcon.colcon_core.package_discovery:discover_packages(recursive) using defaults
[0.258s] Level 1:colcon.colcon_core.package_discovery:discover_packages(ignore) discover
[0.258s] Level 1:colcon.colcon_core.package_discovery:discover_packages(ignore) using defaults
[0.258s] Level 1:colcon.colcon_core.package_discovery:discover_packages(path) discover
[0.258s] Level 1:colcon.colcon_core.package_discovery:discover_packages(path) using defaults
[0.273s] Level 1:colcon.colcon_core.package_discovery:discover_packages(prefix_path) check parameters
[0.273s] Level 1:colcon.colcon_core.package_discovery:discover_packages(prefix_path) discover
[0.274s] WARNING:colcon.colcon_core.prefix_path.colcon:The path '/home/monkescripts/Documents/bumblebee/localisation/localisation_porting/install' in the environment variable COLCON_PREFIX_PATH doesn't exist
[0.274s] WARNING:colcon.colcon_ros.prefix_path.ament:The path '/home/monkescripts/Documents/bumblebee/localisation/localisation_porting/install/auv_porting' in the environment variable AMENT_PREFIX_PATH doesn't exist
[0.274s] WARNING:colcon.colcon_ros.prefix_path.catkin:The path '/home/monkescripts/Documents/bumblebee/localisation/localisation_porting/install/auv_porting' in the environment variable CMAKE_PREFIX_PATH doesn't exist
[0.275s] DEBUG:colcon.colcon_installed_package_information.package_discovery:Found 1 installed packages in /home/monkescripts/Documents/bumblebee/localisation/humble_localisation/install
[0.275s] DEBUG:colcon.colcon_installed_package_information.package_discovery:Found 2 installed packages in /home/monkescripts/Documents/bumblebee/localisation/install
[0.276s] DEBUG:colcon.colcon_installed_package_information.package_discovery:Found 1 installed packages in /home/monkescripts/Documents/bumblebee/localisation/new_localisation/install
[0.277s] DEBUG:colcon.colcon_installed_package_information.package_discovery:Found 2 installed packages in /home/monkescripts/test_ros_ws/install
[0.277s] DEBUG:colcon.colcon_installed_package_information.package_discovery:Found 1 installed packages in /home/monkescripts/Documents/bumblebee/localisation/bb_msgs/install
[0.278s] DEBUG:colcon.colcon_installed_package_information.package_discovery:Found 277 installed packages in /opt/ros/humble
[0.279s] Level 1:colcon.colcon_core.package_discovery:discover_packages(prefix_path) using defaults
[0.316s] Level 5:colcon.colcon_core.verb:set package 'frames_porting' build argument 'cmake_args' from command line to 'None'
[0.316s] Level 5:colcon.colcon_core.verb:set package 'frames_porting' build argument 'cmake_target' from command line to 'None'
[0.316s] Level 5:colcon.colcon_core.verb:set package 'frames_porting' build argument 'cmake_target_skip_unavailable' from command line to 'False'
[0.316s] Level 5:colcon.colcon_core.verb:set package 'frames_porting' build argument 'cmake_clean_cache' from command line to 'False'
[0.316s] Level 5:colcon.colcon_core.verb:set package 'frames_porting' build argument 'cmake_clean_first' from command line to 'False'
[0.316s] Level 5:colcon.colcon_core.verb:set package 'frames_porting' build argument 'cmake_force_configure' from command line to 'False'
[0.316s] Level 5:colcon.colcon_core.verb:set package 'frames_porting' build argument 'ament_cmake_args' from command line to 'None'
[0.316s] Level 5:colcon.colcon_core.verb:set package 'frames_porting' build argument 'catkin_cmake_args' from command line to 'None'
[0.316s] Level 5:colcon.colcon_core.verb:set package 'frames_porting' build argument 'catkin_skip_building_tests' from command line to 'False'
[0.316s] DEBUG:colcon.colcon_core.verb:Building package 'frames_porting' with the following arguments: {'ament_cmake_args': None, 'build_base': '/home/monkescripts/Documents/bumblebee/localisation/frames_porting/build/frames_porting', 'catkin_cmake_args': None, 'catkin_skip_building_tests': False, 'cmake_args': None, 'cmake_clean_cache': False, 'cmake_clean_first': False, 'cmake_force_configure': False, 'cmake_target': None, 'cmake_target_skip_unavailable': False, 'install_base': '/home/monkescripts/Documents/bumblebee/localisation/frames_porting/install/frames_porting', 'merge_install': False, 'path': '/home/monkescripts/Documents/bumblebee/localisation/frames_porting', 'symlink_install': False, 'test_result_base': None}
[0.317s] INFO:colcon.colcon_core.executor:Executing jobs using 'parallel' executor
[0.321s] DEBUG:colcon.colcon_parallel_executor.executor.parallel:run_until_complete
[0.321s] INFO:colcon.colcon_ros.task.ament_cmake.build:Building ROS package in '/home/monkescripts/Documents/bumblebee/localisation/frames_porting' with build type 'ament_cmake'
[0.321s] INFO:colcon.colcon_cmake.task.cmake.build:Building CMake package in '/home/monkescripts/Documents/bumblebee/localisation/frames_porting'
[0.326s] INFO:colcon.colcon_core.plugin_system:Skipping extension 'colcon_core.shell.bat': Not used on non-Windows systems
[0.327s] INFO:colcon.colcon_core.shell:Skip shell extension 'powershell' for command environment: Not usable outside of PowerShell
[0.327s] DEBUG:colcon.colcon_core.shell:Skip shell extension 'dsv' for command environment
[0.335s] DEBUG:colcon.colcon_core.event_handler.log_command:Invoking command in '/home/monkescripts/Documents/bumblebee/localisation/frames_porting/build/frames_porting': CMAKE_PREFIX_PATH=${CMAKE_PREFIX_PATH}:/home/monkescripts/test_ros_ws/install/my_robot_controller:/opt/ros/humble /usr/bin/cmake /home/monkescripts/Documents/bumblebee/localisation/frames_porting -DCMAKE_INSTALL_PREFIX=/home/monkescripts/Documents/bumblebee/localisation/frames_porting/install/frames_porting
[2.250s] DEBUG:colcon.colcon_core.event_handler.log_command:Invoked command in '/home/monkescripts/Documents/bumblebee/localisation/frames_porting/build/frames_porting' returned '0': CMAKE_PREFIX_PATH=${CMAKE_PREFIX_PATH}:/home/monkescripts/test_ros_ws/install/my_robot_controller:/opt/ros/humble /usr/bin/cmake /home/monkescripts/Documents/bumblebee/localisation/frames_porting -DCMAKE_INSTALL_PREFIX=/home/monkescripts/Documents/bumblebee/localisation/frames_porting/install/frames_porting
[2.251s] DEBUG:colcon.colcon_core.event_handler.log_command:Invoking command in '/home/monkescripts/Documents/bumblebee/localisation/frames_porting/build/frames_porting': CMAKE_PREFIX_PATH=${CMAKE_PREFIX_PATH}:/home/monkescripts/test_ros_ws/install/my_robot_controller:/opt/ros/humble /usr/bin/cmake --build /home/monkescripts/Documents/bumblebee/localisation/frames_porting/build/frames_porting -- -j16 -l16
[2.266s] DEBUG:colcon.colcon_core.event_handler.log_command:Invoked command in '/home/monkescripts/Documents/bumblebee/localisation/frames_porting/build/frames_porting' returned '0': CMAKE_PREFIX_PATH=${CMAKE_PREFIX_PATH}:/home/monkescripts/test_ros_ws/install/my_robot_controller:/opt/ros/humble /usr/bin/cmake --build /home/monkescripts/Documents/bumblebee/localisation/frames_porting/build/frames_porting -- -j16 -l16
[2.279s] DEBUG:colcon.colcon_core.event_handler.log_command:Invoking command in '/home/monkescripts/Documents/bumblebee/localisation/frames_porting/build/frames_porting': CMAKE_PREFIX_PATH=${CMAKE_PREFIX_PATH}:/home/monkescripts/test_ros_ws/install/my_robot_controller:/opt/ros/humble /usr/bin/cmake --install /home/monkescripts/Documents/bumblebee/localisation/frames_porting/build/frames_porting
[2.282s] Level 1:colcon.colcon_core.environment:create_environment_scripts_only(frames_porting)
[2.282s] DEBUG:colcon.colcon_core.event_handler.log_command:Invoked command in '/home/monkescripts/Documents/bumblebee/localisation/frames_porting/build/frames_porting' returned '0': CMAKE_PREFIX_PATH=${CMAKE_PREFIX_PATH}:/home/monkescripts/test_ros_ws/install/my_robot_controller:/opt/ros/humble /usr/bin/cmake --install /home/monkescripts/Documents/bumblebee/localisation/frames_porting/build/frames_porting
[2.285s] Level 1:colcon.colcon_core.environment:checking '/home/monkescripts/Documents/bumblebee/localisation/frames_porting/install/frames_porting' for CMake module files
[2.285s] Level 1:colcon.colcon_core.environment:checking '/home/monkescripts/Documents/bumblebee/localisation/frames_porting/install/frames_porting' for CMake config files
[2.285s] Level 1:colcon.colcon_core.shell:create_environment_hook('frames_porting', 'cmake_prefix_path')
[2.286s] INFO:colcon.colcon_core.shell:Creating environment hook '/home/monkescripts/Documents/bumblebee/localisation/frames_porting/install/frames_porting/share/frames_porting/hook/cmake_prefix_path.ps1'
[2.286s] INFO:colcon.colcon_core.shell:Creating environment descriptor '/home/monkescripts/Documents/bumblebee/localisation/frames_porting/install/frames_porting/share/frames_porting/hook/cmake_prefix_path.dsv'
[2.287s] INFO:colcon.colcon_core.shell:Creating environment hook '/home/monkescripts/Documents/bumblebee/localisation/frames_porting/install/frames_porting/share/frames_porting/hook/cmake_prefix_path.sh'
[2.287s] Level 1:colcon.colcon_core.environment:checking '/home/monkescripts/Documents/bumblebee/localisation/frames_porting/install/frames_porting/bin'
[2.287s] Level 1:colcon.colcon_core.environment:checking '/home/monkescripts/Documents/bumblebee/localisation/frames_porting/install/frames_porting/lib/pkgconfig/frames_porting.pc'
[2.287s] Level 1:colcon.colcon_core.environment:checking '/home/monkescripts/Documents/bumblebee/localisation/frames_porting/install/frames_porting/lib/python3.10/site-packages'
[2.287s] Level 1:colcon.colcon_core.environment:checking '/home/monkescripts/Documents/bumblebee/localisation/frames_porting/install/frames_porting/bin'
[2.288s] INFO:colcon.colcon_core.shell:Creating package script '/home/monkescripts/Documents/bumblebee/localisation/frames_porting/install/frames_porting/share/frames_porting/package.ps1'
[2.289s] INFO:colcon.colcon_core.shell:Creating package descriptor '/home/monkescripts/Documents/bumblebee/localisation/frames_porting/install/frames_porting/share/frames_porting/package.dsv'
[2.289s] INFO:colcon.colcon_core.shell:Creating package script '/home/monkescripts/Documents/bumblebee/localisation/frames_porting/install/frames_porting/share/frames_porting/package.sh'
[2.289s] INFO:colcon.colcon_core.shell:Creating package script '/home/monkescripts/Documents/bumblebee/localisation/frames_porting/install/frames_porting/share/frames_porting/package.bash'
[2.290s] INFO:colcon.colcon_core.shell:Creating package script '/home/monkescripts/Documents/bumblebee/localisation/frames_porting/install/frames_porting/share/frames_porting/package.zsh'
[2.290s] Level 1:colcon.colcon_core.environment:create_file_with_runtime_dependencies(/home/monkescripts/Documents/bumblebee/localisation/frames_porting/install/frames_porting/share/colcon-core/packages/frames_porting)
[2.301s] Level 1:colcon.colcon_core.environment:create_environment_scripts_only(frames_porting)
[2.302s] Level 1:colcon.colcon_core.environment:checking '/home/monkescripts/Documents/bumblebee/localisation/frames_porting/install/frames_porting' for CMake module files
[2.302s] Level 1:colcon.colcon_core.environment:checking '/home/monkescripts/Documents/bumblebee/localisation/frames_porting/install/frames_porting' for CMake config files
[2.303s] Level 1:colcon.colcon_core.shell:create_environment_hook('frames_porting', 'cmake_prefix_path')
[2.303s] INFO:colcon.colcon_core.shell:Creating environment hook '/home/monkescripts/Documents/bumblebee/localisation/frames_porting/install/frames_porting/share/frames_porting/hook/cmake_prefix_path.ps1'
[2.304s] INFO:colcon.colcon_core.shell:Creating environment descriptor '/home/monkescripts/Documents/bumblebee/localisation/frames_porting/install/frames_porting/share/frames_porting/hook/cmake_prefix_path.dsv'
[2.304s] INFO:colcon.colcon_core.shell:Creating environment hook '/home/monkescripts/Documents/bumblebee/localisation/frames_porting/install/frames_porting/share/frames_porting/hook/cmake_prefix_path.sh'
[2.304s] Level 1:colcon.colcon_core.environment:checking '/home/monkescripts/Documents/bumblebee/localisation/frames_porting/install/frames_porting/bin'
[2.304s] Level 1:colcon.colcon_core.environment:checking '/home/monkescripts/Documents/bumblebee/localisation/frames_porting/install/frames_porting/lib/pkgconfig/frames_porting.pc'
[2.304s] Level 1:colcon.colcon_core.environment:checking '/home/monkescripts/Documents/bumblebee/localisation/frames_porting/install/frames_porting/lib/python3.10/site-packages'
[2.304s] Level 1:colcon.colcon_core.environment:checking '/home/monkescripts/Documents/bumblebee/localisation/frames_porting/install/frames_porting/bin'
[2.305s] INFO:colcon.colcon_core.shell:Creating package script '/home/monkescripts/Documents/bumblebee/localisation/frames_porting/install/frames_porting/share/frames_porting/package.ps1'
[2.305s] INFO:colcon.colcon_core.shell:Creating package descriptor '/home/monkescripts/Documents/bumblebee/localisation/frames_porting/install/frames_porting/share/frames_porting/package.dsv'
[2.306s] INFO:colcon.colcon_core.shell:Creating package script '/home/monkescripts/Documents/bumblebee/localisation/frames_porting/install/frames_porting/share/frames_porting/package.sh'
[2.306s] INFO:colcon.colcon_core.shell:Creating package script '/home/monkescripts/Documents/bumblebee/localisation/frames_porting/install/frames_porting/share/frames_porting/package.bash'
[2.306s] INFO:colcon.colcon_core.shell:Creating package script '/home/monkescripts/Documents/bumblebee/localisation/frames_porting/install/frames_porting/share/frames_porting/package.zsh'
[2.306s] Level 1:colcon.colcon_core.environment:create_file_with_runtime_dependencies(/home/monkescripts/Documents/bumblebee/localisation/frames_porting/install/frames_porting/share/colcon-core/packages/frames_porting)
[2.306s] DEBUG:colcon.colcon_parallel_executor.executor.parallel:closing loop
[2.307s] DEBUG:colcon.colcon_parallel_executor.executor.parallel:loop closed
[2.307s] DEBUG:colcon.colcon_parallel_executor.executor.parallel:run_until_complete finished with '0'
[2.307s] DEBUG:colcon.colcon_core.event_reactor:joining thread
[2.311s] INFO:colcon.colcon_core.plugin_system:Skipping extension 'colcon_notification.desktop_notification.terminal_notifier': Not used on non-Darwin systems
[2.311s] INFO:colcon.colcon_core.plugin_system:Skipping extension 'colcon_notification.desktop_notification.win32': Not used on non-Windows systems
[2.311s] INFO:colcon.colcon_notification.desktop_notification:Sending desktop notification using 'notify2'
[2.324s] DEBUG:colcon.colcon_core.event_reactor:joined thread
[2.327s] INFO:colcon.colcon_core.shell:Creating prefix script '/home/monkescripts/Documents/bumblebee/localisation/frames_porting/install/local_setup.ps1'
[2.328s] INFO:colcon.colcon_core.shell:Creating prefix util module '/home/monkescripts/Documents/bumblebee/localisation/frames_porting/install/_local_setup_util_ps1.py'
[2.331s] INFO:colcon.colcon_core.shell:Creating prefix chain script '/home/monkescripts/Documents/bumblebee/localisation/frames_porting/install/setup.ps1'
[2.336s] INFO:colcon.colcon_core.shell:Creating prefix script '/home/monkescripts/Documents/bumblebee/localisation/frames_porting/install/local_setup.sh'
[2.337s] INFO:colcon.colcon_core.shell:Creating prefix util module '/home/monkescripts/Documents/bumblebee/localisation/frames_porting/install/_local_setup_util_sh.py'
[2.338s] INFO:colcon.colcon_core.shell:Creating prefix chain script '/home/monkescripts/Documents/bumblebee/localisation/frames_porting/install/setup.sh'
[2.341s] INFO:colcon.colcon_core.shell:Creating prefix script '/home/monkescripts/Documents/bumblebee/localisation/frames_porting/install/local_setup.bash'
[2.342s] INFO:colcon.colcon_core.shell:Creating prefix chain script '/home/monkescripts/Documents/bumblebee/localisation/frames_porting/install/setup.bash'
[2.344s] INFO:colcon.colcon_core.shell:Creating prefix script '/home/monkescripts/Documents/bumblebee/localisation/frames_porting/install/local_setup.zsh'
[2.345s] INFO:colcon.colcon_core.shell:Creating prefix chain script '/home/monkescripts/Documents/bumblebee/localisation/frames_porting/install/setup.zsh'
