[0.012s] Invoking command in '/home/monkescripts/Documents/bumblebee/localisation/frames_porting/build/frames_porting': CMAKE_PREFIX_PATH=${CMAKE_PREFIX_PATH}:/home/monkescripts/test_ros_ws/install/my_robot_controller:/opt/ros/humble /usr/bin/cmake /home/monkescripts/Documents/bumblebee/localisation/frames_porting -DCMAKE_INSTALL_PREFIX=/home/monkescripts/Documents/bumblebee/localisation/frames_porting/install/frames_porting
[0.042s] -- The C compiler identification is GNU 11.4.0
[0.075s] -- The CXX compiler identification is GNU 11.4.0
[0.081s] -- Detecting C compiler ABI info
[0.112s] -- Detecting C compiler ABI info - done
[0.117s] -- Check for working C compiler: /usr/bin/cc - skipped
[0.118s] -- Detecting C compile features
[0.119s] -- Detecting C compile features - done
[0.122s] -- Detecting CXX compiler ABI info
[0.206s] -- Detecting CXX compiler ABI info - done
[0.211s] -- Check for working CXX compiler: /usr/bin/c++ - skipped
[0.211s] -- Detecting CXX compile features
[0.212s] -- Detecting CXX compile features - done
[0.213s] -- Found ament_cmake_python: 1.3.5 (/opt/ros/humble/share/ament_cmake_python/cmake)
[0.214s] -- Found rclpy: 3.3.9 (/opt/ros/humble/share/rclpy/cmake)
[0.215s] -- Found ament_cmake: 1.3.5 (/opt/ros/humble/share/ament_cmake/cmake)
[0.613s] -- Found Python3: /usr/bin/python3.10 (found version "3.10.12") found components: Interpreter 
[0.745s] -- Found rclcpp: 16.0.5 (/opt/ros/humble/share/rclcpp/cmake)
[0.771s] -- Found rosidl_generator_c: 3.1.5 (/opt/ros/humble/share/rosidl_generator_c/cmake)
[0.780s] -- Found rosidl_adapter: 3.1.5 (/opt/ros/humble/share/rosidl_adapter/cmake)
[0.794s] -- Found rosidl_generator_cpp: 3.1.5 (/opt/ros/humble/share/rosidl_generator_cpp/cmake)
[0.817s] -- Using all available rosidl_typesupport_c: rosidl_typesupport_fastrtps_c;rosidl_typesupport_introspection_c
[0.847s] -- Using all available rosidl_typesupport_cpp: rosidl_typesupport_fastrtps_cpp;rosidl_typesupport_introspection_cpp
[0.898s] -- Found rmw_implementation_cmake: 6.1.1 (/opt/ros/humble/share/rmw_implementation_cmake/cmake)
[0.900s] -- Found rmw_fastrtps_cpp: 6.2.3 (/opt/ros/humble/share/rmw_fastrtps_cpp/cmake)
[0.963s] -- Found OpenSSL: /usr/lib/x86_64-linux-gnu/libcrypto.so (found version "3.0.2")  
[1.013s] -- Found FastRTPS: /opt/ros/humble/include  
[1.098s] -- Using RMW implementation 'rmw_fastrtps_cpp' as default
[1.114s] -- Performing Test CMAKE_HAVE_LIBC_PTHREAD
[1.210s] -- Performing Test CMAKE_HAVE_LIBC_PTHREAD - Success
[1.212s] -- Found Threads: TRUE  
[1.318s] -- Found nav_msgs: 4.2.3 (/opt/ros/humble/share/nav_msgs/cmake)
[1.403s] -- Found sensor_msgs: 4.2.3 (/opt/ros/humble/share/sensor_msgs/cmake)
[1.456s] -- Found tf2_ros: 0.25.3 (/opt/ros/humble/share/tf2_ros/cmake)
[1.670s] -- Found robot_localization: 3.5.1 (/opt/ros/humble/share/robot_localization/cmake)
[1.826s] -- Found ament_lint_auto: 0.12.7 (/opt/ros/humble/share/ament_lint_auto/cmake)
[1.895s] -- Added test 'cppcheck' to perform static code analysis on C / C++ code
[1.895s] -- Configured cppcheck include dirs: /home/monkescripts/Documents/bumblebee/localisation/frames_porting/include
[1.895s] -- Configured cppcheck exclude dirs and/or files: 
[1.899s] -- Added test 'lint_cmake' to check CMake code style
[1.908s] -- Added test 'uncrustify' to check C / C++ code style
[1.908s] -- Configured uncrustify additional arguments: 
[1.910s] -- Added test 'xmllint' to check XML markup files
[1.912s] -- Configuring done
[1.917s] -- Generating done
[1.918s] -- Build files have been written to: /home/monkescripts/Documents/bumblebee/localisation/frames_porting/build/frames_porting
[1.927s] Invoked command in '/home/monkescripts/Documents/bumblebee/localisation/frames_porting/build/frames_porting' returned '0': CMAKE_PREFIX_PATH=${CMAKE_PREFIX_PATH}:/home/monkescripts/test_ros_ws/install/my_robot_controller:/opt/ros/humble /usr/bin/cmake /home/monkescripts/Documents/bumblebee/localisation/frames_porting -DCMAKE_INSTALL_PREFIX=/home/monkescripts/Documents/bumblebee/localisation/frames_porting/install/frames_porting
[1.928s] Invoking command in '/home/monkescripts/Documents/bumblebee/localisation/frames_porting/build/frames_porting': CMAKE_PREFIX_PATH=${CMAKE_PREFIX_PATH}:/home/monkescripts/test_ros_ws/install/my_robot_controller:/opt/ros/humble /usr/bin/cmake --build /home/monkescripts/Documents/bumblebee/localisation/frames_porting/build/frames_porting -- -j16 -l16
[1.943s] Invoked command in '/home/monkescripts/Documents/bumblebee/localisation/frames_porting/build/frames_porting' returned '0': CMAKE_PREFIX_PATH=${CMAKE_PREFIX_PATH}:/home/monkescripts/test_ros_ws/install/my_robot_controller:/opt/ros/humble /usr/bin/cmake --build /home/monkescripts/Documents/bumblebee/localisation/frames_porting/build/frames_porting -- -j16 -l16
[1.956s] Invoking command in '/home/monkescripts/Documents/bumblebee/localisation/frames_porting/build/frames_porting': CMAKE_PREFIX_PATH=${CMAKE_PREFIX_PATH}:/home/monkescripts/test_ros_ws/install/my_robot_controller:/opt/ros/humble /usr/bin/cmake --install /home/monkescripts/Documents/bumblebee/localisation/frames_porting/build/frames_porting
[1.957s] -- Install configuration: ""
[1.957s] -- Installing: /home/monkescripts/Documents/bumblebee/localisation/frames_porting/install/frames_porting/share/ament_index/resource_index/package_run_dependencies/frames_porting
[1.958s] -- Installing: /home/monkescripts/Documents/bumblebee/localisation/frames_porting/install/frames_porting/share/ament_index/resource_index/parent_prefix_path/frames_porting
[1.958s] -- Installing: /home/monkescripts/Documents/bumblebee/localisation/frames_porting/install/frames_porting/share/frames_porting/environment/ament_prefix_path.sh
[1.958s] -- Installing: /home/monkescripts/Documents/bumblebee/localisation/frames_porting/install/frames_porting/share/frames_porting/environment/ament_prefix_path.dsv
[1.958s] -- Installing: /home/monkescripts/Documents/bumblebee/localisation/frames_porting/install/frames_porting/share/frames_porting/environment/path.sh
[1.958s] -- Installing: /home/monkescripts/Documents/bumblebee/localisation/frames_porting/install/frames_porting/share/frames_porting/environment/path.dsv
[1.958s] -- Installing: /home/monkescripts/Documents/bumblebee/localisation/frames_porting/install/frames_porting/share/frames_porting/local_setup.bash
[1.958s] -- Installing: /home/monkescripts/Documents/bumblebee/localisation/frames_porting/install/frames_porting/share/frames_porting/local_setup.sh
[1.958s] -- Installing: /home/monkescripts/Documents/bumblebee/localisation/frames_porting/install/frames_porting/share/frames_porting/local_setup.zsh
[1.958s] -- Installing: /home/monkescripts/Documents/bumblebee/localisation/frames_porting/install/frames_porting/share/frames_porting/local_setup.dsv
[1.958s] -- Installing: /home/monkescripts/Documents/bumblebee/localisation/frames_porting/install/frames_porting/share/frames_porting/package.dsv
[1.958s] -- Installing: /home/monkescripts/Documents/bumblebee/localisation/frames_porting/install/frames_porting/share/ament_index/resource_index/packages/frames_porting
[1.958s] -- Installing: /home/monkescripts/Documents/bumblebee/localisation/frames_porting/install/frames_porting/share/frames_porting/cmake/frames_portingConfig.cmake
[1.958s] -- Installing: /home/monkescripts/Documents/bumblebee/localisation/frames_porting/install/frames_porting/share/frames_porting/cmake/frames_portingConfig-version.cmake
[1.958s] -- Installing: /home/monkescripts/Documents/bumblebee/localisation/frames_porting/install/frames_porting/share/frames_porting/package.xml
[1.960s] Invoked command in '/home/monkescripts/Documents/bumblebee/localisation/frames_porting/build/frames_porting' returned '0': CMAKE_PREFIX_PATH=${CMAKE_PREFIX_PATH}:/home/monkescripts/test_ros_ws/install/my_robot_controller:/opt/ros/humble /usr/bin/cmake --install /home/monkescripts/Documents/bumblebee/localisation/frames_porting/build/frames_porting
