[0.009s] Invoking command in '/home/monkescripts/Documents/bumblebee/localisation/frames_porting/build/frames_porting': CMAKE_PREFIX_PATH=${CMAKE_PREFIX_PATH}:/home/monkescripts/test_ros_ws/install/my_robot_controller:/opt/ros/humble /usr/bin/cmake --build /home/monkescripts/Documents/bumblebee/localisation/frames_porting/build/frames_porting -- -j16 -l16
[0.019s] -- Found ament_cmake_python: 1.3.5 (/opt/ros/humble/share/ament_cmake_python/cmake)
[0.020s] -- Found rclpy: 3.3.9 (/opt/ros/humble/share/rclpy/cmake)
[0.020s] -- Found ament_cmake: 1.3.5 (/opt/ros/humble/share/ament_cmake/cmake)
[0.219s] -- Found rclcpp: 16.0.5 (/opt/ros/humble/share/rclcpp/cmake)
[0.274s] -- Found rosidl_generator_c: 3.1.5 (/opt/ros/humble/share/rosidl_generator_c/cmake)
[0.278s] -- Found rosidl_adapter: 3.1.5 (/opt/ros/humble/share/rosidl_adapter/cmake)
[0.288s] -- Found rosidl_generator_cpp: 3.1.5 (/opt/ros/humble/share/rosidl_generator_cpp/cmake)
[0.307s] -- Using all available rosidl_typesupport_c: rosidl_typesupport_fastrtps_c;rosidl_typesupport_introspection_c
[0.333s] -- Using all available rosidl_typesupport_cpp: rosidl_typesupport_fastrtps_cpp;rosidl_typesupport_introspection_cpp
[0.386s] -- Found rmw_implementation_cmake: 6.1.1 (/opt/ros/humble/share/rmw_implementation_cmake/cmake)
[0.386s] -- Found rmw_fastrtps_cpp: 6.2.3 (/opt/ros/humble/share/rmw_fastrtps_cpp/cmake)
[0.460s] -- Using RMW implementation 'rmw_fastrtps_cpp' as default
[0.555s] -- Found nav_msgs: 4.2.3 (/opt/ros/humble/share/nav_msgs/cmake)
[0.629s] -- Found sensor_msgs: 4.2.3 (/opt/ros/humble/share/sensor_msgs/cmake)
[0.679s] -- Found tf2_ros: 0.25.3 (/opt/ros/humble/share/tf2_ros/cmake)
[0.877s] -- Found robot_localization: 3.5.1 (/opt/ros/humble/share/robot_localization/cmake)
[1.020s] -- Found ament_lint_auto: 0.12.7 (/opt/ros/humble/share/ament_lint_auto/cmake)
[1.118s] -- Added test 'cppcheck' to perform static code analysis on C / C++ code
[1.119s] -- Configured cppcheck include dirs: /home/monkescripts/Documents/bumblebee/localisation/frames_porting/include
[1.119s] -- Configured cppcheck exclude dirs and/or files: 
[1.121s] -- Added test 'flake8' to check Python code syntax and style conventions
[1.125s] -- Added test 'lint_cmake' to check CMake code style
[1.128s] -- Added test 'pep257' to check Python code against some of the docstring style conventions in PEP 257
[1.143s] -- Added test 'uncrustify' to check C / C++ code style
[1.144s] -- Configured uncrustify additional arguments: 
[1.146s] -- Added test 'xmllint' to check XML markup files
[1.147s] -- Configuring done
[1.156s] -- Generating done
[1.157s] -- Build files have been written to: /home/monkescripts/Documents/bumblebee/localisation/frames_porting/build/frames_porting
[1.169s] Invoked command in '/home/monkescripts/Documents/bumblebee/localisation/frames_porting/build/frames_porting' returned '0': CMAKE_PREFIX_PATH=${CMAKE_PREFIX_PATH}:/home/monkescripts/test_ros_ws/install/my_robot_controller:/opt/ros/humble /usr/bin/cmake --build /home/monkescripts/Documents/bumblebee/localisation/frames_porting/build/frames_porting -- -j16 -l16
[1.180s] Invoking command in '/home/monkescripts/Documents/bumblebee/localisation/frames_porting/build/frames_porting': CMAKE_PREFIX_PATH=${CMAKE_PREFIX_PATH}:/home/monkescripts/test_ros_ws/install/my_robot_controller:/opt/ros/humble /usr/bin/cmake --install /home/monkescripts/Documents/bumblebee/localisation/frames_porting/build/frames_porting
[1.182s] -- Install configuration: ""
[1.182s] -- Up-to-date: /home/monkescripts/Documents/bumblebee/localisation/frames_porting/install/frames_porting/share/ament_index/resource_index/package_run_dependencies/frames_porting
[1.182s] -- Installing: /home/monkescripts/Documents/bumblebee/localisation/frames_porting/install/frames_porting/share/ament_index/resource_index/parent_prefix_path/frames_porting
[1.183s] -- Up-to-date: /home/monkescripts/Documents/bumblebee/localisation/frames_porting/install/frames_porting/share/frames_porting/environment/ament_prefix_path.sh
[1.183s] -- Installing: /home/monkescripts/Documents/bumblebee/localisation/frames_porting/install/frames_porting/share/frames_porting/environment/ament_prefix_path.dsv
[1.183s] -- Up-to-date: /home/monkescripts/Documents/bumblebee/localisation/frames_porting/install/frames_porting/share/frames_porting/environment/path.sh
[1.183s] -- Installing: /home/monkescripts/Documents/bumblebee/localisation/frames_porting/install/frames_porting/share/frames_porting/environment/path.dsv
[1.183s] -- Up-to-date: /home/monkescripts/Documents/bumblebee/localisation/frames_porting/install/frames_porting/share/frames_porting/local_setup.bash
[1.183s] -- Up-to-date: /home/monkescripts/Documents/bumblebee/localisation/frames_porting/install/frames_porting/share/frames_porting/local_setup.sh
[1.183s] -- Up-to-date: /home/monkescripts/Documents/bumblebee/localisation/frames_porting/install/frames_porting/share/frames_porting/local_setup.zsh
[1.183s] -- Installing: /home/monkescripts/Documents/bumblebee/localisation/frames_porting/install/frames_porting/share/frames_porting/local_setup.dsv
[1.183s] -- Installing: /home/monkescripts/Documents/bumblebee/localisation/frames_porting/install/frames_porting/share/frames_porting/package.dsv
[1.183s] -- Up-to-date: /home/monkescripts/Documents/bumblebee/localisation/frames_porting/install/frames_porting/share/ament_index/resource_index/packages/frames_porting
[1.183s] -- Up-to-date: /home/monkescripts/Documents/bumblebee/localisation/frames_porting/install/frames_porting/share/frames_porting/cmake/ament_cmake_export_include_directories-extras.cmake
[1.183s] -- Up-to-date: /home/monkescripts/Documents/bumblebee/localisation/frames_porting/install/frames_porting/share/frames_porting/cmake/frames_portingConfig.cmake
[1.183s] -- Up-to-date: /home/monkescripts/Documents/bumblebee/localisation/frames_porting/install/frames_porting/share/frames_porting/cmake/frames_portingConfig-version.cmake
[1.183s] -- Up-to-date: /home/monkescripts/Documents/bumblebee/localisation/frames_porting/install/frames_porting/share/frames_porting/package.xml
[1.184s] Invoked command in '/home/monkescripts/Documents/bumblebee/localisation/frames_porting/build/frames_porting' returned '0': CMAKE_PREFIX_PATH=${CMAKE_PREFIX_PATH}:/home/monkescripts/test_ros_ws/install/my_robot_controller:/opt/ros/humble /usr/bin/cmake --install /home/monkescripts/Documents/bumblebee/localisation/frames_porting/build/frames_porting
