[0.009s] Invoking command in '/home/monkescripts/Documents/bumblebee/localisation/frames_porting/build/frames_porting': CMAKE_PREFIX_PATH=${CMAKE_PREFIX_PATH}:/home/monkescripts/test_ros_ws/install/my_robot_controller:/opt/ros/humble /usr/bin/cmake --build /home/monkescripts/Documents/bumblebee/localisation/frames_porting/build/frames_porting -- -j16 -l16
[0.022s] Invoked command in '/home/monkescripts/Documents/bumblebee/localisation/frames_porting/build/frames_porting' returned '0': CMAKE_PREFIX_PATH=${CMAKE_PREFIX_PATH}:/home/monkescripts/test_ros_ws/install/my_robot_controller:/opt/ros/humble /usr/bin/cmake --build /home/monkescripts/Documents/bumblebee/localisation/frames_porting/build/frames_porting -- -j16 -l16
[0.034s] Invoking command in '/home/monkescripts/Documents/bumblebee/localisation/frames_porting/build/frames_porting': CMAKE_PREFIX_PATH=${CMAKE_PREFIX_PATH}:/home/monkescripts/test_ros_ws/install/my_robot_controller:/opt/ros/humble /usr/bin/cmake --install /home/monkescripts/Documents/bumblebee/localisation/frames_porting/build/frames_porting
[0.036s] -- Install configuration: ""
[0.036s] -- Up-to-date: /home/monkescripts/Documents/bumblebee/localisation/frames_porting/install/frames_porting/share/ament_index/resource_index/package_run_dependencies/frames_porting
[0.036s] -- Up-to-date: /home/monkescripts/Documents/bumblebee/localisation/frames_porting/install/frames_porting/share/ament_index/resource_index/parent_prefix_path/frames_porting
[0.036s] -- Up-to-date: /home/monkescripts/Documents/bumblebee/localisation/frames_porting/install/frames_porting/share/frames_porting/environment/ament_prefix_path.sh
[0.036s] -- Up-to-date: /home/monkescripts/Documents/bumblebee/localisation/frames_porting/install/frames_porting/share/frames_porting/environment/ament_prefix_path.dsv
[0.036s] -- Up-to-date: /home/monkescripts/Documents/bumblebee/localisation/frames_porting/install/frames_porting/share/frames_porting/environment/path.sh
[0.036s] -- Up-to-date: /home/monkescripts/Documents/bumblebee/localisation/frames_porting/install/frames_porting/share/frames_porting/environment/path.dsv
[0.036s] -- Up-to-date: /home/monkescripts/Documents/bumblebee/localisation/frames_porting/install/frames_porting/share/frames_porting/local_setup.bash
[0.036s] -- Up-to-date: /home/monkescripts/Documents/bumblebee/localisation/frames_porting/install/frames_porting/share/frames_porting/local_setup.sh
[0.036s] -- Up-to-date: /home/monkescripts/Documents/bumblebee/localisation/frames_porting/install/frames_porting/share/frames_porting/local_setup.zsh
[0.036s] -- Up-to-date: /home/monkescripts/Documents/bumblebee/localisation/frames_porting/install/frames_porting/share/frames_porting/local_setup.dsv
[0.036s] -- Installing: /home/monkescripts/Documents/bumblebee/localisation/frames_porting/install/frames_porting/share/frames_porting/package.dsv
[0.036s] -- Up-to-date: /home/monkescripts/Documents/bumblebee/localisation/frames_porting/install/frames_porting/share/ament_index/resource_index/packages/frames_porting
[0.036s] -- Up-to-date: /home/monkescripts/Documents/bumblebee/localisation/frames_porting/install/frames_porting/share/frames_porting/cmake/ament_cmake_export_include_directories-extras.cmake
[0.036s] -- Up-to-date: /home/monkescripts/Documents/bumblebee/localisation/frames_porting/install/frames_porting/share/frames_porting/cmake/frames_portingConfig.cmake
[0.036s] -- Up-to-date: /home/monkescripts/Documents/bumblebee/localisation/frames_porting/install/frames_porting/share/frames_porting/cmake/frames_portingConfig-version.cmake
[0.036s] -- Up-to-date: /home/monkescripts/Documents/bumblebee/localisation/frames_porting/install/frames_porting/share/frames_porting/package.xml
[0.037s] Invoked command in '/home/monkescripts/Documents/bumblebee/localisation/frames_porting/build/frames_porting' returned '0': CMAKE_PREFIX_PATH=${CMAKE_PREFIX_PATH}:/home/monkescripts/test_ros_ws/install/my_robot_controller:/opt/ros/humble /usr/bin/cmake --install /home/monkescripts/Documents/bumblebee/localisation/frames_porting/build/frames_porting
