[0.241s] DEBUG:colcon:Command line arguments: ['/usr/bin/colcon', 'build']
[0.241s] DEBUG:colcon:Parsed command line arguments: Namespace(log_base=None, log_level=None, verb_name='build', build_base='build', install_base='install', merge_install=False, symlink_install=False, test_result_base=None, continue_on_error=False, executor='parallel', parallel_workers=16, event_handlers=None, ignore_user_meta=False, metas=['./colcon.meta'], base_paths=['.'], packages_ignore=None, packages_ignore_regex=None, paths=None, packages_up_to=None, packages_up_to_regex=None, packages_above=None, packages_above_and_dependencies=None, packages_above_depth=None, packages_select_by_dep=None, packages_skip_by_dep=None, packages_skip_up_to=None, packages_select_build_failed=False, packages_skip_build_finished=False, packages_select_test_failures=False, packages_skip_test_passed=False, packages_select=None, packages_skip=None, packages_select_regex=None, packages_skip_regex=None, packages_start=None, packages_end=None, allow_overriding=[], cmake_args=None, cmake_target=None, cmake_target_skip_unavailable=False, cmake_clean_cache=False, cmake_clean_first=False, cmake_force_configure=False, ament_cmake_args=None, catkin_cmake_args=None, catkin_skip_building_tests=False, verb_parser=<colcon_defaults.argument_parser.defaults.DefaultArgumentsDecorator object at 0x7f32a522f970>, verb_extension=<colcon_core.verb.build.BuildVerb object at 0x7f32a5c48df0>, main=<bound method BuildVerb.main of <colcon_core.verb.build.BuildVerb object at 0x7f32a5c48df0>>)
[0.255s] Level 1:colcon.colcon_core.package_discovery:discover_packages(colcon_meta) check parameters
[0.255s] Level 1:colcon.colcon_core.package_discovery:discover_packages(recursive) check parameters
[0.255s] Level 1:colcon.colcon_core.package_discovery:discover_packages(ignore) check parameters
[0.255s] Level 1:colcon.colcon_core.package_discovery:discover_packages(path) check parameters
[0.255s] Level 1:colcon.colcon_core.package_discovery:discover_packages(colcon_meta) discover
[0.255s] Level 1:colcon.colcon_core.package_discovery:discover_packages(recursive) discover
[0.255s] INFO:colcon.colcon_core.package_discovery:Crawling recursively for packages in '/home/monkescripts/Documents/bumblebee/localisation/frames_porting'
[0.255s] Level 1:colcon.colcon_core.package_identification:_identify(.) by extensions ['ignore', 'ignore_ament_install']
[0.255s] Level 1:colcon.colcon_core.package_identification:_identify(.) by extension 'ignore'
[0.255s] Level 1:colcon.colcon_core.package_identification:_identify(.) by extension 'ignore_ament_install'
[0.255s] Level 1:colcon.colcon_core.package_identification:_identify(.) by extensions ['colcon_pkg']
[0.255s] Level 1:colcon.colcon_core.package_identification:_identify(.) by extension 'colcon_pkg'
[0.255s] Level 1:colcon.colcon_core.package_identification:_identify(.) by extensions ['colcon_meta']
[0.255s] Level 1:colcon.colcon_core.package_identification:_identify(.) by extension 'colcon_meta'
[0.255s] Level 1:colcon.colcon_core.package_identification:_identify(.) by extensions ['ros']
[0.255s] Level 1:colcon.colcon_core.package_identification:_identify(.) by extension 'ros'
[0.264s] DEBUG:colcon.colcon_core.package_identification:Package '.' with type 'ros.ament_cmake' and name 'frames_porting'
[0.264s] Level 1:colcon.colcon_core.package_discovery:discover_packages(recursive) using defaults
[0.264s] Level 1:colcon.colcon_core.package_discovery:discover_packages(ignore) discover
[0.264s] Level 1:colcon.colcon_core.package_discovery:discover_packages(ignore) using defaults
[0.264s] Level 1:colcon.colcon_core.package_discovery:discover_packages(path) discover
[0.264s] Level 1:colcon.colcon_core.package_discovery:discover_packages(path) using defaults
[0.278s] Level 1:colcon.colcon_core.package_discovery:discover_packages(prefix_path) check parameters
[0.278s] Level 1:colcon.colcon_core.package_discovery:discover_packages(prefix_path) discover
[0.279s] DEBUG:colcon.colcon_installed_package_information.package_discovery:Found 1 installed packages in /home/monkescripts/Documents/bumblebee/localisation/frames_porting/install
[0.280s] DEBUG:colcon.colcon_installed_package_information.package_discovery:Found 2 installed packages in /home/monkescripts/test_ros_ws/install
[0.280s] DEBUG:colcon.colcon_installed_package_information.package_discovery:Found 277 installed packages in /opt/ros/humble
[0.281s] Level 1:colcon.colcon_core.package_discovery:discover_packages(prefix_path) using defaults
[0.314s] Level 5:colcon.colcon_core.verb:set package 'frames_porting' build argument 'cmake_args' from command line to 'None'
[0.314s] Level 5:colcon.colcon_core.verb:set package 'frames_porting' build argument 'cmake_target' from command line to 'None'
[0.314s] Level 5:colcon.colcon_core.verb:set package 'frames_porting' build argument 'cmake_target_skip_unavailable' from command line to 'False'
[0.314s] Level 5:colcon.colcon_core.verb:set package 'frames_porting' build argument 'cmake_clean_cache' from command line to 'False'
[0.314s] Level 5:colcon.colcon_core.verb:set package 'frames_porting' build argument 'cmake_clean_first' from command line to 'False'
[0.314s] Level 5:colcon.colcon_core.verb:set package 'frames_porting' build argument 'cmake_force_configure' from command line to 'False'
[0.314s] Level 5:colcon.colcon_core.verb:set package 'frames_porting' build argument 'ament_cmake_args' from command line to 'None'
[0.314s] Level 5:colcon.colcon_core.verb:set package 'frames_porting' build argument 'catkin_cmake_args' from command line to 'None'
[0.314s] Level 5:colcon.colcon_core.verb:set package 'frames_porting' build argument 'catkin_skip_building_tests' from command line to 'False'
[0.315s] DEBUG:colcon.colcon_core.verb:Building package 'frames_porting' with the following arguments: {'ament_cmake_args': None, 'build_base': '/home/monkescripts/Documents/bumblebee/localisation/frames_porting/build/frames_porting', 'catkin_cmake_args': None, 'catkin_skip_building_tests': False, 'cmake_args': None, 'cmake_clean_cache': False, 'cmake_clean_first': False, 'cmake_force_configure': False, 'cmake_target': None, 'cmake_target_skip_unavailable': False, 'install_base': '/home/monkescripts/Documents/bumblebee/localisation/frames_porting/install/frames_porting', 'merge_install': False, 'path': '/home/monkescripts/Documents/bumblebee/localisation/frames_porting', 'symlink_install': False, 'test_result_base': None}
[0.315s] INFO:colcon.colcon_core.executor:Executing jobs using 'parallel' executor
[0.317s] DEBUG:colcon.colcon_parallel_executor.executor.parallel:run_until_complete
[0.317s] INFO:colcon.colcon_ros.task.ament_cmake.build:Building ROS package in '/home/monkescripts/Documents/bumblebee/localisation/frames_porting' with build type 'ament_cmake'
[0.317s] INFO:colcon.colcon_cmake.task.cmake.build:Building CMake package in '/home/monkescripts/Documents/bumblebee/localisation/frames_porting'
[0.320s] INFO:colcon.colcon_core.plugin_system:Skipping extension 'colcon_core.shell.bat': Not used on non-Windows systems
[0.320s] INFO:colcon.colcon_core.shell:Skip shell extension 'powershell' for command environment: Not usable outside of PowerShell
[0.320s] DEBUG:colcon.colcon_core.shell:Skip shell extension 'dsv' for command environment
[0.327s] DEBUG:colcon.colcon_core.event_handler.log_command:Invoking command in '/home/monkescripts/Documents/bumblebee/localisation/frames_porting/build/frames_porting': CMAKE_PREFIX_PATH=${CMAKE_PREFIX_PATH}:/home/monkescripts/test_ros_ws/install/my_robot_controller:/opt/ros/humble /usr/bin/cmake --build /home/monkescripts/Documents/bumblebee/localisation/frames_porting/build/frames_porting -- -j16 -l16
[1.487s] DEBUG:colcon.colcon_core.event_handler.log_command:Invoked command in '/home/monkescripts/Documents/bumblebee/localisation/frames_porting/build/frames_porting' returned '0': CMAKE_PREFIX_PATH=${CMAKE_PREFIX_PATH}:/home/monkescripts/test_ros_ws/install/my_robot_controller:/opt/ros/humble /usr/bin/cmake --build /home/monkescripts/Documents/bumblebee/localisation/frames_porting/build/frames_porting -- -j16 -l16
[1.498s] DEBUG:colcon.colcon_core.event_handler.log_command:Invoking command in '/home/monkescripts/Documents/bumblebee/localisation/frames_porting/build/frames_porting': CMAKE_PREFIX_PATH=${CMAKE_PREFIX_PATH}:/home/monkescripts/test_ros_ws/install/my_robot_controller:/opt/ros/humble /usr/bin/cmake --install /home/monkescripts/Documents/bumblebee/localisation/frames_porting/build/frames_porting
[1.501s] Level 1:colcon.colcon_core.environment:create_environment_scripts_only(frames_porting)
[1.502s] DEBUG:colcon.colcon_core.event_handler.log_command:Invoked command in '/home/monkescripts/Documents/bumblebee/localisation/frames_porting/build/frames_porting' returned '0': CMAKE_PREFIX_PATH=${CMAKE_PREFIX_PATH}:/home/monkescripts/test_ros_ws/install/my_robot_controller:/opt/ros/humble /usr/bin/cmake --install /home/monkescripts/Documents/bumblebee/localisation/frames_porting/build/frames_porting
[1.504s] Level 1:colcon.colcon_core.environment:checking '/home/monkescripts/Documents/bumblebee/localisation/frames_porting/install/frames_porting' for CMake module files
[1.504s] Level 1:colcon.colcon_core.environment:checking '/home/monkescripts/Documents/bumblebee/localisation/frames_porting/install/frames_porting' for CMake config files
[1.505s] Level 1:colcon.colcon_core.shell:create_environment_hook('frames_porting', 'cmake_prefix_path')
[1.505s] INFO:colcon.colcon_core.shell:Creating environment hook '/home/monkescripts/Documents/bumblebee/localisation/frames_porting/install/frames_porting/share/frames_porting/hook/cmake_prefix_path.ps1'
[1.506s] INFO:colcon.colcon_core.shell:Creating environment descriptor '/home/monkescripts/Documents/bumblebee/localisation/frames_porting/install/frames_porting/share/frames_porting/hook/cmake_prefix_path.dsv'
[1.506s] INFO:colcon.colcon_core.shell:Creating environment hook '/home/monkescripts/Documents/bumblebee/localisation/frames_porting/install/frames_porting/share/frames_porting/hook/cmake_prefix_path.sh'
[1.506s] Level 1:colcon.colcon_core.environment:checking '/home/monkescripts/Documents/bumblebee/localisation/frames_porting/install/frames_porting/bin'
[1.507s] Level 1:colcon.colcon_core.environment:checking '/home/monkescripts/Documents/bumblebee/localisation/frames_porting/install/frames_porting/lib/pkgconfig/frames_porting.pc'
[1.507s] Level 1:colcon.colcon_core.environment:checking '/home/monkescripts/Documents/bumblebee/localisation/frames_porting/install/frames_porting/lib/python3.10/site-packages'
[1.507s] Level 1:colcon.colcon_core.environment:checking '/home/monkescripts/Documents/bumblebee/localisation/frames_porting/install/frames_porting/bin'
[1.508s] INFO:colcon.colcon_core.shell:Creating package script '/home/monkescripts/Documents/bumblebee/localisation/frames_porting/install/frames_porting/share/frames_porting/package.ps1'
[1.508s] INFO:colcon.colcon_core.shell:Creating package descriptor '/home/monkescripts/Documents/bumblebee/localisation/frames_porting/install/frames_porting/share/frames_porting/package.dsv'
[1.508s] INFO:colcon.colcon_core.shell:Creating package script '/home/monkescripts/Documents/bumblebee/localisation/frames_porting/install/frames_porting/share/frames_porting/package.sh'
[1.509s] INFO:colcon.colcon_core.shell:Creating package script '/home/monkescripts/Documents/bumblebee/localisation/frames_porting/install/frames_porting/share/frames_porting/package.bash'
[1.509s] INFO:colcon.colcon_core.shell:Creating package script '/home/monkescripts/Documents/bumblebee/localisation/frames_porting/install/frames_porting/share/frames_porting/package.zsh'
[1.509s] Level 1:colcon.colcon_core.environment:create_file_with_runtime_dependencies(/home/monkescripts/Documents/bumblebee/localisation/frames_porting/install/frames_porting/share/colcon-core/packages/frames_porting)
[1.519s] Level 1:colcon.colcon_core.environment:create_environment_scripts_only(frames_porting)
[1.520s] Level 1:colcon.colcon_core.environment:checking '/home/monkescripts/Documents/bumblebee/localisation/frames_porting/install/frames_porting' for CMake module files
[1.521s] Level 1:colcon.colcon_core.environment:checking '/home/monkescripts/Documents/bumblebee/localisation/frames_porting/install/frames_porting' for CMake config files
[1.521s] Level 1:colcon.colcon_core.shell:create_environment_hook('frames_porting', 'cmake_prefix_path')
[1.521s] INFO:colcon.colcon_core.shell:Creating environment hook '/home/monkescripts/Documents/bumblebee/localisation/frames_porting/install/frames_porting/share/frames_porting/hook/cmake_prefix_path.ps1'
[1.522s] INFO:colcon.colcon_core.shell:Creating environment descriptor '/home/monkescripts/Documents/bumblebee/localisation/frames_porting/install/frames_porting/share/frames_porting/hook/cmake_prefix_path.dsv'
[1.522s] INFO:colcon.colcon_core.shell:Creating environment hook '/home/monkescripts/Documents/bumblebee/localisation/frames_porting/install/frames_porting/share/frames_porting/hook/cmake_prefix_path.sh'
[1.522s] Level 1:colcon.colcon_core.environment:checking '/home/monkescripts/Documents/bumblebee/localisation/frames_porting/install/frames_porting/bin'
[1.522s] Level 1:colcon.colcon_core.environment:checking '/home/monkescripts/Documents/bumblebee/localisation/frames_porting/install/frames_porting/lib/pkgconfig/frames_porting.pc'
[1.522s] Level 1:colcon.colcon_core.environment:checking '/home/monkescripts/Documents/bumblebee/localisation/frames_porting/install/frames_porting/lib/python3.10/site-packages'
[1.522s] Level 1:colcon.colcon_core.environment:checking '/home/monkescripts/Documents/bumblebee/localisation/frames_porting/install/frames_porting/bin'
[1.523s] INFO:colcon.colcon_core.shell:Creating package script '/home/monkescripts/Documents/bumblebee/localisation/frames_porting/install/frames_porting/share/frames_porting/package.ps1'
[1.523s] INFO:colcon.colcon_core.shell:Creating package descriptor '/home/monkescripts/Documents/bumblebee/localisation/frames_porting/install/frames_porting/share/frames_porting/package.dsv'
[1.524s] INFO:colcon.colcon_core.shell:Creating package script '/home/monkescripts/Documents/bumblebee/localisation/frames_porting/install/frames_porting/share/frames_porting/package.sh'
[1.524s] INFO:colcon.colcon_core.shell:Creating package script '/home/monkescripts/Documents/bumblebee/localisation/frames_porting/install/frames_porting/share/frames_porting/package.bash'
[1.524s] INFO:colcon.colcon_core.shell:Creating package script '/home/monkescripts/Documents/bumblebee/localisation/frames_porting/install/frames_porting/share/frames_porting/package.zsh'
[1.524s] Level 1:colcon.colcon_core.environment:create_file_with_runtime_dependencies(/home/monkescripts/Documents/bumblebee/localisation/frames_porting/install/frames_porting/share/colcon-core/packages/frames_porting)
[1.524s] DEBUG:colcon.colcon_parallel_executor.executor.parallel:closing loop
[1.524s] DEBUG:colcon.colcon_parallel_executor.executor.parallel:loop closed
[1.525s] DEBUG:colcon.colcon_parallel_executor.executor.parallel:run_until_complete finished with '0'
[1.525s] DEBUG:colcon.colcon_core.event_reactor:joining thread
[1.528s] INFO:colcon.colcon_core.plugin_system:Skipping extension 'colcon_notification.desktop_notification.terminal_notifier': Not used on non-Darwin systems
[1.528s] INFO:colcon.colcon_core.plugin_system:Skipping extension 'colcon_notification.desktop_notification.win32': Not used on non-Windows systems
[1.528s] INFO:colcon.colcon_notification.desktop_notification:Sending desktop notification using 'notify2'
[1.536s] DEBUG:colcon.colcon_core.event_reactor:joined thread
[1.537s] INFO:colcon.colcon_core.shell:Creating prefix script '/home/monkescripts/Documents/bumblebee/localisation/frames_porting/install/local_setup.ps1'
[1.537s] INFO:colcon.colcon_core.shell:Creating prefix util module '/home/monkescripts/Documents/bumblebee/localisation/frames_porting/install/_local_setup_util_ps1.py'
[1.538s] INFO:colcon.colcon_core.shell:Creating prefix chain script '/home/monkescripts/Documents/bumblebee/localisation/frames_porting/install/setup.ps1'
[1.539s] INFO:colcon.colcon_core.shell:Creating prefix script '/home/monkescripts/Documents/bumblebee/localisation/frames_porting/install/local_setup.sh'
[1.540s] INFO:colcon.colcon_core.shell:Creating prefix util module '/home/monkescripts/Documents/bumblebee/localisation/frames_porting/install/_local_setup_util_sh.py'
[1.540s] INFO:colcon.colcon_core.shell:Creating prefix chain script '/home/monkescripts/Documents/bumblebee/localisation/frames_porting/install/setup.sh'
[1.541s] INFO:colcon.colcon_core.shell:Creating prefix script '/home/monkescripts/Documents/bumblebee/localisation/frames_porting/install/local_setup.bash'
[1.541s] INFO:colcon.colcon_core.shell:Creating prefix chain script '/home/monkescripts/Documents/bumblebee/localisation/frames_porting/install/setup.bash'
[1.542s] INFO:colcon.colcon_core.shell:Creating prefix script '/home/monkescripts/Documents/bumblebee/localisation/frames_porting/install/local_setup.zsh'
[1.542s] INFO:colcon.colcon_core.shell:Creating prefix chain script '/home/monkescripts/Documents/bumblebee/localisation/frames_porting/install/setup.zsh'
